[V12 spatial] shard=2 1/50 trials=10
[V12 spatial] shard=2 2/50 trials=20
[V12 spatial] shard=2 3/50 trials=30
[V12 spatial] shard=2 4/50 trials=41
[V12 spatial] shard=2 5/50 trials=53
[V12 spatial] shard=2 6/50 trials=64
[V12 spatial] shard=2 7/50 trials=74
[V12 spatial] shard=2 8/50 trials=84
[V12 spatial] shard=2 9/50 trials=97
[V12 spatial] shard=2 10/50 trials=108
[V12 spatial] shard=2 11/50 trials=120
[V12 spatial] shard=2 12/50 trials=130
[V12 spatial] shard=2 13/50 trials=140
[V12 spatial] shard=2 14/50 trials=152
[V12 spatial] shard=2 15/50 trials=162
[V12 spatial] shard=2 16/50 trials=173
[V12 spatial] shard=2 17/50 trials=186
[V12 spatial] shard=2 18/50 trials=198
[V12 spatial] shard=2 19/50 trials=208
[V12 spatial] shard=2 20/50 trials=220
[V12 spatial] shard=2 21/50 trials=230
[V12 spatial] shard=2 22/50 trials=240
[V12 spatial] shard=2 23/50 trials=250
[V12 spatial] shard=2 24/50 trials=260
[V12 spatial] shard=2 25/50 trials=270
[V12 spatial] shard=2 26/50 trials=281
[V12 spatial] shard=2 27/50 trials=293
[V12 spatial] shard=2 28/50 trials=304
[V12 spatial] shard=2 29/50 trials=315
[V12 spatial] shard=2 30/50 trials=325
[V12 spatial] shard=2 31/50 trials=337
[V12 spatial] shard=2 32/50 trials=348
[V12 spatial] shard=2 33/50 trials=360
[V12 spatial] shard=2 34/50 trials=370
[V12 spatial] shard=2 35/50 trials=380
[V12 spatial] shard=2 36/50 trials=390
[V12 spatial] shard=2 37/50 trials=400
[V12 spatial] shard=2 38/50 trials=413
[V12 spatial] shard=2 39/50 trials=424
[V12 spatial] shard=2 40/50 trials=437
[V12 spatial] shard=2 41/50 trials=447
[V12 spatial] shard=2 42/50 trials=458
[V12 spatial] shard=2 43/50 trials=470
[V12 spatial] shard=2 44/50 trials=484
[V12 spatial] shard=2 45/50 trials=496
[V12 spatial] shard=2 46/50 trials=507
[V12 spatial] shard=2 47/50 trials=517
[V12 spatial] shard=2 48/50 trials=527
[V12 spatial] shard=2 49/50 trials=539
[V12 spatial] shard=2 50/50 trials=549
{
  "shard": 2,
  "n": 50,
  "trial_encode_decode_count": 549
}
