[{"stream_name":"stderr","time":10.702717288,"data":"0.00s - Debugger warning: It seems that frozen modules are being used, which may\n"}
,{"stream_name":"stderr","time":10.70282548,"data":"0.00s - make the debugger miss breakpoints. Please pass -Xfrozen_modules=off\n"}
,{"stream_name":"stderr","time":10.702830838,"data":"0.00s - to python to disable frozen modules.\n"}
,{"stream_name":"stderr","time":10.702833918,"data":"0.00s - Note: Debugging will proceed. Set PYDEVD_DISABLE_FILE_VALIDATION=1 to disable this validation.\n"}
,{"stream_name":"stderr","time":11.622265741,"data":"0.00s - Debugger warning: It seems that frozen modules are being used, which may\n"}
,{"stream_name":"stderr","time":11.622304893,"data":"0.00s - make the debugger miss breakpoints. Please pass -Xfrozen_modules=off\n"}
,{"stream_name":"stderr","time":11.622311236,"data":"0.00s - to python to disable frozen modules.\n"}
,{"stream_name":"stderr","time":11.622315533,"data":"0.00s - Note: Debugging will proceed. Set PYDEVD_DISABLE_FILE_VALIDATION=1 to disable this validation.\n"}
,{"stream_name":"stdout","time":288.08701088,"data":"{\n"}
,{"stream_name":"stdout","time":288.087052613,"data":"  \"experiment\": \"v12_spatial_lowqp_h265_cal\",\n"}
,{"stream_name":"stdout","time":288.08706033,"data":"  \"direction\": \"spatial\",\n"}
,{"stream_name":"stdout","time":288.08707733,"data":"  \"repository_url\": \"https://github.com/munnn01/preeee.git\",\n"}
,{"stream_name":"stdout","time":288.087082918,"data":"  \"source_fingerprint\": \"ce5acf9334d4f683fdc7757d53b0d5be0ce80cc5a6fd4a4340e30c9357e79721\",\n"}
,{"stream_name":"stdout","time":288.087088771,"data":"  \"scope\": \"reused CAL development only; no DEV/TEST/holdout or mc3 evaluation\",\n"}
,{"stream_name":"stdout","time":288.087093941,"data":"  \"bootstrap_unit\": \"source video; all QPs, arms and primary analyzers paired\",\n"}
,{"stream_name":"stdout","time":288.087099419,"data":"  \"code_commit\": \"17cc33f81a1d685574dc1a11956b12f89b1b59ab\",\n"}
,{"stream_name":"stdout","time":288.08710458,"data":"  \"code_fingerprint\": \"694cc7e391f05da9ad05e6b4f486673fafb13cb3751d31a3e82e517853a40331\",\n"}
,{"stream_name":"stdout","time":288.087109377,"data":"  \"preregistration_commit\": \"1a734e9228644c1cf13deeb517995593d295fb8a\",\n"}
,{"stream_name":"stdout","time":288.087114763,"data":"  \"preregistration_sha256\": \"770b8843756b8c011cbd85ecc348187a8343495babeeca22a12f4f6d3b2d211e\",\n"}
,{"stream_name":"stdout","time":288.087120056,"data":"  \"protocol_sha256\": \"212103b207309ca25323bd0e0c00cbd8e8a85cd7a337a205c35c02a67acf784b\",\n"}
,{"stream_name":"stdout","time":288.087125458,"data":"  \"cal_input_sha256\": \"db9fd6eef315657b33f9e0d557260c7af2a89857633193e6d41c83b056a7983d\",\n"}
,{"stream_name":"stdout","time":288.087130876,"data":"  \"primary_outcomes_sha256\": \"35b42f2874e909fddfc38363c6d0b47ef8a5e85abfcc4adcbea40eaaabb4150d\",\n"}
,{"stream_name":"stdout","time":288.087135818,"data":"  \"upstream_input_commit\": \"a02fdd250b5e04491f7d3619105ef79d0b6e64f8\",\n"}
,{"stream_name":"stdout","time":288.087140622,"data":"  \"bootstrap_seed\": 20261009,\n"}
,{"stream_name":"stdout","time":288.087145428,"data":"  \"bootstrap_draws\": 2000,\n"}
,{"stream_name":"stdout","time":288.087150185,"data":"  \"teacher\": null,\n"}
,{"stream_name":"stdout","time":288.087155025,"data":"  \"metric_sha256\": \"38d373f13366cb2397cd572d294dda4bd57dd71841fc353aa0b50776b2ae6487\",\n"}
,{"stream_name":"stdout","time":288.08716012,"data":"  \"paired_metrics_sha256\": \"ca61890140e511d101024485cce4e1c96c2b7ff68e2718abfe466e1bd2af9f36\"\n"}
,{"stream_name":"stdout","time":288.087165184,"data":"}\n"}
,{"stream_name":"stdout","time":288.087169528,"data":"[V12 spatial] shard=3 1/50 trials=12\n"}
,{"stream_name":"stdout","time":288.087187193,"data":"[V12 spatial] shard=3 2/50 trials=24\n"}
,{"stream_name":"stdout","time":288.087191271,"data":"[V12 spatial] shard=3 3/50 trials=34\n"}
,{"stream_name":"stdout","time":288.087195091,"data":"[V12 spatial] shard=3 4/50 trials=44\n"}
,{"stream_name":"stdout","time":288.087217472,"data":"[V12 spatial] shard=3 5/50 trials=55\n"}
,{"stream_name":"stdout","time":288.087224528,"data":"[V12 spatial] shard=3 6/50 trials=65\n"}
,{"stream_name":"stdout","time":288.087228256,"data":"[V12 spatial] shard=3 7/50 trials=76\n"}
,{"stream_name":"stdout","time":288.087231734,"data":"[V12 spatial] shard=3 8/50 trials=87\n"}
,{"stream_name":"stdout","time":288.087235282,"data":"[V12 spatial] shard=3 9/50 trials=100\n"}
,{"stream_name":"stdout","time":288.087238751,"data":"[V12 spatial] shard=3 10/50 trials=113\n"}
,{"stream_name":"stdout","time":288.087242345,"data":"[V12 spatial] shard=3 11/50 trials=124\n"}
,{"stream_name":"stdout","time":288.087246515,"data":"[V12 spatial] shard=3 12/50 trials=134\n"}
,{"stream_name":"stdout","time":288.087251362,"data":"[V12 spatial] shard=3 13/50 trials=145\n"}
,{"stream_name":"stdout","time":288.087255235,"data":"[V12 spatial] shard=3 14/50 trials=156\n"}
,{"stream_name":"stdout","time":288.087259342,"data":"[V12 spatial] shard=3 15/50 trials=166\n"}
,{"stream_name":"stdout","time":288.087263332,"data":"[V12 spatial] shard=3 16/50 trials=176\n"}
,{"stream_name":"stdout","time":288.087267096,"data":"[V12 spatial] shard=3 17/50 trials=186\n"}
,{"stream_name":"stdout","time":288.087270547,"data":"[V12 spatial] shard=3 18/50 trials=198\n"}
,{"stream_name":"stdout","time":288.087274429,"data":"[V12 spatial] shard=3 19/50 trials=209\n"}
,{"stream_name":"stdout","time":288.087281397,"data":"[V12 spatial] shard=3 20/50 trials=221\n"}
,{"stream_name":"stdout","time":288.087285052,"data":"[V12 spatial] shard=3 21/50 trials=233\n"}
,{"stream_name":"stdout","time":288.087288567,"data":"[V12 spatial] shard=3 22/50 trials=245\n"}
,{"stream_name":"stdout","time":288.087292193,"data":"[V12 spatial] shard=3 23/50 trials=259\n"}
,{"stream_name":"stdout","time":288.087295684,"data":"[V12 spatial] shard=3 24/50 trials=273\n"}
,{"stream_name":"stdout","time":288.087298996,"data":"[V12 spatial] shard=3 25/50 trials=286\n"}
,{"stream_name":"stdout","time":288.08730238,"data":"[V12 spatial] shard=3 26/50 trials=298\n"}
,{"stream_name":"stdout","time":288.087306235,"data":"[V12 spatial] shard=3 27/50 trials=310\n"}
,{"stream_name":"stdout","time":288.087310164,"data":"[V12 spatial] shard=3 28/50 trials=323\n"}
,{"stream_name":"stdout","time":288.087313854,"data":"[V12 spatial] shard=3 29/50 trials=333\n"}
,{"stream_name":"stdout","time":288.087317818,"data":"[V12 spatial] shard=3 30/50 trials=347\n"}
,{"stream_name":"stdout","time":288.087321773,"data":"[V12 spatial] shard=3 31/50 trials=360\n"}
,{"stream_name":"stdout","time":288.087325786,"data":"[V12 spatial] shard=3 32/50 trials=370\n"}
,{"stream_name":"stdout","time":288.087329792,"data":"[V12 spatial] shard=3 33/50 trials=381\n"}
,{"stream_name":"stdout","time":288.087333751,"data":"[V12 spatial] shard=3 34/50 trials=393\n"}
,{"stream_name":"stdout","time":288.087337828,"data":"[V12 spatial] shard=3 35/50 trials=403\n"}
,{"stream_name":"stdout","time":288.087341982,"data":"[V12 spatial] shard=3 36/50 trials=416\n"}
,{"stream_name":"stdout","time":288.087345918,"data":"[V12 spatial] shard=3 37/50 trials=429\n"}
,{"stream_name":"stdout","time":288.087349593,"data":"[V12 spatial] shard=3 38/50 trials=439\n"}
,{"stream_name":"stdout","time":288.087353066,"data":"[V12 spatial] shard=3 39/50 trials=449\n"}
,{"stream_name":"stdout","time":288.087362724,"data":"[V12 spatial] shard=3 40/50 trials=459\n"}
,{"stream_name":"stdout","time":288.087366465,"data":"[V12 spatial] shard=3 41/50 trials=470\n"}
,{"stream_name":"stdout","time":288.087370112,"data":"[V12 spatial] shard=3 42/50 trials=480\n"}
,{"stream_name":"stdout","time":288.087373909,"data":"[V12 spatial] shard=3 43/50 trials=490\n"}
,{"stream_name":"stdout","time":288.087377924,"data":"[V12 spatial] shard=3 44/50 trials=500\n"}
,{"stream_name":"stdout","time":288.087381666,"data":"[V12 spatial] shard=3 45/50 trials=510\n"}
,{"stream_name":"stdout","time":288.087385524,"data":"[V12 spatial] shard=3 46/50 trials=521\n"}
,{"stream_name":"stdout","time":288.087399636,"data":"[V12 spatial] shard=3 47/50 trials=532\n"}
,{"stream_name":"stdout","time":288.087403308,"data":"[V12 spatial] shard=3 48/50 trials=543\n"}
,{"stream_name":"stdout","time":288.087406912,"data":"[V12 spatial] shard=3 49/50 trials=556\n"}
,{"stream_name":"stdout","time":288.08741062,"data":"[V12 spatial] shard=3 50/50 trials=568\n"}
,{"stream_name":"stdout","time":288.087414517,"data":"{\n"}
,{"stream_name":"stdout","time":288.087418441,"data":"  \"shard\": 3,\n"}
,{"stream_name":"stdout","time":288.087422164,"data":"  \"n\": 50,\n"}
,{"stream_name":"stdout","time":288.087425776,"data":"  \"trial_encode_decode_count\": 568\n"}
,{"stream_name":"stdout","time":288.087429504,"data":"}\n"}
,{"stream_name":"stdout","time":288.087433129,"data":"[done] V12 spatial CAL shard=3\n"}
,{"stream_name":"stdout","time":288.087436914,"data":"[exit] rc=0 direction=spatial shard=3\n"}
,{"stream_name":"stderr","time":288.088572898,"data":"/kaggle/working/v12_repository/src/models/cast_ar.py:8: SyntaxWarning: invalid escape sequence '\\-'\n"}
,{"stream_name":"stderr","time":288.088606236,"data":"  \\-\u003e content/QP mixture + safety gate\n"}
,{"stream_name":"stderr","time":288.088613098,"data":"\n"}
,{"stream_name":"stderr","time":288.088617662,"data":"/kaggle/working/v12_repository/src/models/cast_ar.py:8: SyntaxWarning: invalid escape sequence '\\-'\n"}
,{"stream_name":"stderr","time":288.088621922,"data":"  \\-\u003e content/QP mixture + safety gate\n"}
,{"stream_name":"stderr","time":291.469382541,"data":"/usr/local/lib/python3.12/dist-packages/mistune.py:435: SyntaxWarning: invalid escape sequence '\\|'\n"}
,{"stream_name":"stderr","time":291.469426189,"data":"  cells[i][c] = re.sub('\\\\\\\\\\|', '|', cell)\n"}
,{"stream_name":"stderr","time":291.689831197,"data":"/usr/local/lib/python3.12/dist-packages/nbconvert/filters/filter_links.py:36: SyntaxWarning: invalid escape sequence '\\_'\n"}
,{"stream_name":"stderr","time":291.689869119,"data":"  text = re.sub(r'_', '\\_', text) # Escape underscores in display text\n"}
,{"stream_name":"stderr","time":292.474961832,"data":"[NbConvertApp] Converting notebook __notebook__.ipynb to notebook\n"}
,{"stream_name":"stderr","time":292.872522317,"data":"[NbConvertApp] Writing 7928 bytes to __notebook__.ipynb\n"}
,{"stream_name":"stderr","time":295.975353971,"data":"[NbConvertApp] Converting notebook __notebook__.ipynb to html\n"}
,{"stream_name":"stderr","time":296.546967223,"data":"[NbConvertApp] Writing 285611 bytes to __results__.html\n"}
]
[{"stream_name":"stderr","time":10.702717288,"data":"0.00s - Debugger warning: It seems that frozen modules are being used, which may\n"}
,{"stream_name":"stderr","time":10.70282548,"data":"0.00s - make the debugger miss breakpoints. Please pass -Xfrozen_modules=off\n"}
,{"stream_name":"stderr","time":10.702830838,"data":"0.00s - to python to disable frozen modules.\n"}
,{"stream_name":"stderr","time":10.702833918,"data":"0.00s - Note: Debugging will proceed. Set PYDEVD_DISABLE_FILE_VALIDATION=1 to disable this validation.\n"}
,{"stream_name":"stderr","time":11.622265741,"data":"0.00s - Debugger warning: It seems that frozen modules are being used, which may\n"}
,{"stream_name":"stderr","time":11.622304893,"data":"0.00s - make the debugger miss breakpoints. Please pass -Xfrozen_modules=off\n"}
,{"stream_name":"stderr","time":11.622311236,"data":"0.00s - to python to disable frozen modules.\n"}
,{"stream_name":"stderr","time":11.622315533,"data":"0.00s - Note: Debugging will proceed. Set PYDEVD_DISABLE_FILE_VALIDATION=1 to disable this validation.\n"}
,{"stream_name":"stdout","time":288.08701088,"data":"{\n"}
,{"stream_name":"stdout","time":288.087052613,"data":"  \"experiment\": \"v12_spatial_lowqp_h265_cal\",\n"}
,{"stream_name":"stdout","time":288.08706033,"data":"  \"direction\": \"spatial\",\n"}
,{"stream_name":"stdout","time":288.08707733,"data":"  \"repository_url\": \"https://github.com/munnn01/preeee.git\",\n"}
,{"stream_name":"stdout","time":288.087082918,"data":"  \"source_fingerprint\": \"ce5acf9334d4f683fdc7757d53b0d5be0ce80cc5a6fd4a4340e30c9357e79721\",\n"}
,{"stream_name":"stdout","time":288.087088771,"data":"  \"scope\": \"reused CAL development only; no DEV/TEST/holdout or mc3 evaluation\",\n"}
,{"stream_name":"stdout","time":288.087093941,"data":"  \"bootstrap_unit\": \"source video; all QPs, arms and primary analyzers paired\",\n"}
,{"stream_name":"stdout","time":288.087099419,"data":"  \"code_commit\": \"17cc33f81a1d685574dc1a11956b12f89b1b59ab\",\n"}
,{"stream_name":"stdout","time":288.08710458,"data":"  \"code_fingerprint\": \"694cc7e391f05da9ad05e6b4f486673fafb13cb3751d31a3e82e517853a40331\",\n"}
,{"stream_name":"stdout","time":288.087109377,"data":"  \"preregistration_commit\": \"1a734e9228644c1cf13deeb517995593d295fb8a\",\n"}
,{"stream_name":"stdout","time":288.087114763,"data":"  \"preregistration_sha256\": \"770b8843756b8c011cbd85ecc348187a8343495babeeca22a12f4f6d3b2d211e\",\n"}
,{"stream_name":"stdout","time":288.087120056,"data":"  \"protocol_sha256\": \"212103b207309ca25323bd0e0c00cbd8e8a85cd7a337a205c35c02a67acf784b\",\n"}
,{"stream_name":"stdout","time":288.087125458,"data":"  \"cal_input_sha256\": \"db9fd6eef315657b33f9e0d557260c7af2a89857633193e6d41c83b056a7983d\",\n"}
,{"stream_name":"stdout","time":288.087130876,"data":"  \"primary_outcomes_sha256\": \"35b42f2874e909fddfc38363c6d0b47ef8a5e85abfcc4adcbea40eaaabb4150d\",\n"}
,{"stream_name":"stdout","time":288.087135818,"data":"  \"upstream_input_commit\": \"a02fdd250b5e04491f7d3619105ef79d0b6e64f8\",\n"}
,{"stream_name":"stdout","time":288.087140622,"data":"  \"bootstrap_seed\": 20261009,\n"}
,{"stream_name":"stdout","time":288.087145428,"data":"  \"bootstrap_draws\": 2000,\n"}
,{"stream_name":"stdout","time":288.087150185,"data":"  \"teacher\": null,\n"}
,{"stream_name":"stdout","time":288.087155025,"data":"  \"metric_sha256\": \"38d373f13366cb2397cd572d294dda4bd57dd71841fc353aa0b50776b2ae6487\",\n"}
,{"stream_name":"stdout","time":288.08716012,"data":"  \"paired_metrics_sha256\": \"ca61890140e511d101024485cce4e1c96c2b7ff68e2718abfe466e1bd2af9f36\"\n"}
,{"stream_name":"stdout","time":288.087165184,"data":"}\n"}
,{"stream_name":"stdout","time":288.087169528,"data":"[V12 spatial] shard=3 1/50 trials=12\n"}
,{"stream_name":"stdout","time":288.087187193,"data":"[V12 spatial] shard=3 2/50 trials=24\n"}
,{"stream_name":"stdout","time":288.087191271,"data":"[V12 spatial] shard=3 3/50 trials=34\n"}
,{"stream_name":"stdout","time":288.087195091,"data":"[V12 spatial] shard=3 4/50 trials=44\n"}
,{"stream_name":"stdout","time":288.087217472,"data":"[V12 spatial] shard=3 5/50 trials=55\n"}
,{"stream_name":"stdout","time":288.087224528,"data":"[V12 spatial] shard=3 6/50 trials=65\n"}
,{"stream_name":"stdout","time":288.087228256,"data":"[V12 spatial] shard=3 7/50 trials=76\n"}
,{"stream_name":"stdout","time":288.087231734,"data":"[V12 spatial] shard=3 8/50 trials=87\n"}
,{"stream_name":"stdout","time":288.087235282,"data":"[V12 spatial] shard=3 9/50 trials=100\n"}
,{"stream_name":"stdout","time":288.087238751,"data":"[V12 spatial] shard=3 10/50 trials=113\n"}
,{"stream_name":"stdout","time":288.087242345,"data":"[V12 spatial] shard=3 11/50 trials=124\n"}
,{"stream_name":"stdout","time":288.087246515,"data":"[V12 spatial] shard=3 12/50 trials=134\n"}
,{"stream_name":"stdout","time":288.087251362,"data":"[V12 spatial] shard=3 13/50 trials=145\n"}
,{"stream_name":"stdout","time":288.087255235,"data":"[V12 spatial] shard=3 14/50 trials=156\n"}
,{"stream_name":"stdout","time":288.087259342,"data":"[V12 spatial] shard=3 15/50 trials=166\n"}
,{"stream_name":"stdout","time":288.087263332,"data":"[V12 spatial] shard=3 16/50 trials=176\n"}
,{"stream_name":"stdout","time":288.087267096,"data":"[V12 spatial] shard=3 17/50 trials=186\n"}
,{"stream_name":"stdout","time":288.087270547,"data":"[V12 spatial] shard=3 18/50 trials=198\n"}
,{"stream_name":"stdout","time":288.087274429,"data":"[V12 spatial] shard=3 19/50 trials=209\n"}
,{"stream_name":"stdout","time":288.087281397,"data":"[V12 spatial] shard=3 20/50 trials=221\n"}
,{"stream_name":"stdout","time":288.087285052,"data":"[V12 spatial] shard=3 21/50 trials=233\n"}
,{"stream_name":"stdout","time":288.087288567,"data":"[V12 spatial] shard=3 22/50 trials=245\n"}
,{"stream_name":"stdout","time":288.087292193,"data":"[V12 spatial] shard=3 23/50 trials=259\n"}
,{"stream_name":"stdout","time":288.087295684,"data":"[V12 spatial] shard=3 24/50 trials=273\n"}
,{"stream_name":"stdout","time":288.087298996,"data":"[V12 spatial] shard=3 25/50 trials=286\n"}
,{"stream_name":"stdout","time":288.08730238,"data":"[V12 spatial] shard=3 26/50 trials=298\n"}
,{"stream_name":"stdout","time":288.087306235,"data":"[V12 spatial] shard=3 27/50 trials=310\n"}
,{"stream_name":"stdout","time":288.087310164,"data":"[V12 spatial] shard=3 28/50 trials=323\n"}
,{"stream_name":"stdout","time":288.087313854,"data":"[V12 spatial] shard=3 29/50 trials=333\n"}
,{"stream_name":"stdout","time":288.087317818,"data":"[V12 spatial] shard=3 30/50 trials=347\n"}
,{"stream_name":"stdout","time":288.087321773,"data":"[V12 spatial] shard=3 31/50 trials=360\n"}
,{"stream_name":"stdout","time":288.087325786,"data":"[V12 spatial] shard=3 32/50 trials=370\n"}
,{"stream_name":"stdout","time":288.087329792,"data":"[V12 spatial] shard=3 33/50 trials=381\n"}
,{"stream_name":"stdout","time":288.087333751,"data":"[V12 spatial] shard=3 34/50 trials=393\n"}
,{"stream_name":"stdout","time":288.087337828,"data":"[V12 spatial] shard=3 35/50 trials=403\n"}
,{"stream_name":"stdout","time":288.087341982,"data":"[V12 spatial] shard=3 36/50 trials=416\n"}
,{"stream_name":"stdout","time":288.087345918,"data":"[V12 spatial] shard=3 37/50 trials=429\n"}
,{"stream_name":"stdout","time":288.087349593,"data":"[V12 spatial] shard=3 38/50 trials=439\n"}
,{"stream_name":"stdout","time":288.087353066,"data":"[V12 spatial] shard=3 39/50 trials=449\n"}
,{"stream_name":"stdout","time":288.087362724,"data":"[V12 spatial] shard=3 40/50 trials=459\n"}
,{"stream_name":"stdout","time":288.087366465,"data":"[V12 spatial] shard=3 41/50 trials=470\n"}
,{"stream_name":"stdout","time":288.087370112,"data":"[V12 spatial] shard=3 42/50 trials=480\n"}
,{"stream_name":"stdout","time":288.087373909,"data":"[V12 spatial] shard=3 43/50 trials=490\n"}
,{"stream_name":"stdout","time":288.087377924,"data":"[V12 spatial] shard=3 44/50 trials=500\n"}
,{"stream_name":"stdout","time":288.087381666,"data":"[V12 spatial] shard=3 45/50 trials=510\n"}
,{"stream_name":"stdout","time":288.087385524,"data":"[V12 spatial] shard=3 46/50 trials=521\n"}
,{"stream_name":"stdout","time":288.087399636,"data":"[V12 spatial] shard=3 47/50 trials=532\n"}
,{"stream_name":"stdout","time":288.087403308,"data":"[V12 spatial] shard=3 48/50 trials=543\n"}
,{"stream_name":"stdout","time":288.087406912,"data":"[V12 spatial] shard=3 49/50 trials=556\n"}
,{"stream_name":"stdout","time":288.08741062,"data":"[V12 spatial] shard=3 50/50 trials=568\n"}
,{"stream_name":"stdout","time":288.087414517,"data":"{\n"}
,{"stream_name":"stdout","time":288.087418441,"data":"  \"shard\": 3,\n"}
,{"stream_name":"stdout","time":288.087422164,"data":"  \"n\": 50,\n"}
,{"stream_name":"stdout","time":288.087425776,"data":"  \"trial_encode_decode_count\": 568\n"}
,{"stream_name":"stdout","time":288.087429504,"data":"}\n"}
,{"stream_name":"stdout","time":288.087433129,"data":"[done] V12 spatial CAL shard=3\n"}
,{"stream_name":"stdout","time":288.087436914,"data":"[exit] rc=0 direction=spatial shard=3\n"}
,{"stream_name":"stderr","time":288.088572898,"data":"/kaggle/working/v12_repository/src/models/cast_ar.py:8: SyntaxWarning: invalid escape sequence '\\-'\n"}
,{"stream_name":"stderr","time":288.088606236,"data":"  \\-\u003e content/QP mixture + safety gate\n"}
,{"stream_name":"stderr","time":288.088613098,"data":"\n"}
,{"stream_name":"stderr","time":288.088617662,"data":"/kaggle/working/v12_repository/src/models/cast_ar.py:8: SyntaxWarning: invalid escape sequence '\\-'\n"}
,{"stream_name":"stderr","time":288.088621922,"data":"  \\-\u003e content/QP mixture + safety gate\n"}
,{"stream_name":"stderr","time":291.469382541,"data":"/usr/local/lib/python3.12/dist-packages/mistune.py:435: SyntaxWarning: invalid escape sequence '\\|'\n"}
,{"stream_name":"stderr","time":291.469426189,"data":"  cells[i][c] = re.sub('\\\\\\\\\\|', '|', cell)\n"}
,{"stream_name":"stderr","time":291.689831197,"data":"/usr/local/lib/python3.12/dist-packages/nbconvert/filters/filter_links.py:36: SyntaxWarning: invalid escape sequence '\\_'\n"}
,{"stream_name":"stderr","time":291.689869119,"data":"  text = re.sub(r'_', '\\_', text) # Escape underscores in display text\n"}
,{"stream_name":"stderr","time":292.474961832,"data":"[NbConvertApp] Converting notebook __notebook__.ipynb to notebook\n"}
,{"stream_name":"stderr","time":292.872522317,"data":"[NbConvertApp] Writing 7928 bytes to __notebook__.ipynb\n"}
,{"stream_name":"stderr","time":295.975353971,"data":"[NbConvertApp] Converting notebook __notebook__.ipynb to html\n"}
,{"stream_name":"stderr","time":296.546967223,"data":"[NbConvertApp] Writing 285611 bytes to __results__.html\n"}
]
[{"stream_name":"stderr","time":10.702717288,"data":"0.00s - Debugger warning: It seems that frozen modules are being used, which may\n"}
,{"stream_name":"stderr","time":10.70282548,"data":"0.00s - make the debugger miss breakpoints. Please pass -Xfrozen_modules=off\n"}
,{"stream_name":"stderr","time":10.702830838,"data":"0.00s - to python to disable frozen modules.\n"}
,{"stream_name":"stderr","time":10.702833918,"data":"0.00s - Note: Debugging will proceed. Set PYDEVD_DISABLE_FILE_VALIDATION=1 to disable this validation.\n"}
,{"stream_name":"stderr","time":11.622265741,"data":"0.00s - Debugger warning: It seems that frozen modules are being used, which may\n"}
,{"stream_name":"stderr","time":11.622304893,"data":"0.00s - make the debugger miss breakpoints. Please pass -Xfrozen_modules=off\n"}
,{"stream_name":"stderr","time":11.622311236,"data":"0.00s - to python to disable frozen modules.\n"}
,{"stream_name":"stderr","time":11.622315533,"data":"0.00s - Note: Debugging will proceed. Set PYDEVD_DISABLE_FILE_VALIDATION=1 to disable this validation.\n"}
,{"stream_name":"stdout","time":288.08701088,"data":"{\n"}
,{"stream_name":"stdout","time":288.087052613,"data":"  \"experiment\": \"v12_spatial_lowqp_h265_cal\",\n"}
,{"stream_name":"stdout","time":288.08706033,"data":"  \"direction\": \"spatial\",\n"}
,{"stream_name":"stdout","time":288.08707733,"data":"  \"repository_url\": \"https://github.com/munnn01/preeee.git\",\n"}
,{"stream_name":"stdout","time":288.087082918,"data":"  \"source_fingerprint\": \"ce5acf9334d4f683fdc7757d53b0d5be0ce80cc5a6fd4a4340e30c9357e79721\",\n"}
,{"stream_name":"stdout","time":288.087088771,"data":"  \"scope\": \"reused CAL development only; no DEV/TEST/holdout or mc3 evaluation\",\n"}
,{"stream_name":"stdout","time":288.087093941,"data":"  \"bootstrap_unit\": \"source video; all QPs, arms and primary analyzers paired\",\n"}
,{"stream_name":"stdout","time":288.087099419,"data":"  \"code_commit\": \"17cc33f81a1d685574dc1a11956b12f89b1b59ab\",\n"}
,{"stream_name":"stdout","time":288.08710458,"data":"  \"code_fingerprint\": \"694cc7e391f05da9ad05e6b4f486673fafb13cb3751d31a3e82e517853a40331\",\n"}
,{"stream_name":"stdout","time":288.087109377,"data":"  \"preregistration_commit\": \"1a734e9228644c1cf13deeb517995593d295fb8a\",\n"}
,{"stream_name":"stdout","time":288.087114763,"data":"  \"preregistration_sha256\": \"770b8843756b8c011cbd85ecc348187a8343495babeeca22a12f4f6d3b2d211e\",\n"}
,{"stream_name":"stdout","time":288.087120056,"data":"  \"protocol_sha256\": \"212103b207309ca25323bd0e0c00cbd8e8a85cd7a337a205c35c02a67acf784b\",\n"}
,{"stream_name":"stdout","time":288.087125458,"data":"  \"cal_input_sha256\": \"db9fd6eef315657b33f9e0d557260c7af2a89857633193e6d41c83b056a7983d\",\n"}
,{"stream_name":"stdout","time":288.087130876,"data":"  \"primary_outcomes_sha256\": \"35b42f2874e909fddfc38363c6d0b47ef8a5e85abfcc4adcbea40eaaabb4150d\",\n"}
,{"stream_name":"stdout","time":288.087135818,"data":"  \"upstream_input_commit\": \"a02fdd250b5e04491f7d3619105ef79d0b6e64f8\",\n"}
,{"stream_name":"stdout","time":288.087140622,"data":"  \"bootstrap_seed\": 20261009,\n"}
,{"stream_name":"stdout","time":288.087145428,"data":"  \"bootstrap_draws\": 2000,\n"}
,{"stream_name":"stdout","time":288.087150185,"data":"  \"teacher\": null,\n"}
,{"stream_name":"stdout","time":288.087155025,"data":"  \"metric_sha256\": \"38d373f13366cb2397cd572d294dda4bd57dd71841fc353aa0b50776b2ae6487\",\n"}
,{"stream_name":"stdout","time":288.08716012,"data":"  \"paired_metrics_sha256\": \"ca61890140e511d101024485cce4e1c96c2b7ff68e2718abfe466e1bd2af9f36\"\n"}
,{"stream_name":"stdout","time":288.087165184,"data":"}\n"}
,{"stream_name":"stdout","time":288.087169528,"data":"[V12 spatial] shard=3 1/50 trials=12\n"}
,{"stream_name":"stdout","time":288.087187193,"data":"[V12 spatial] shard=3 2/50 trials=24\n"}
,{"stream_name":"stdout","time":288.087191271,"data":"[V12 spatial] shard=3 3/50 trials=34\n"}
,{"stream_name":"stdout","time":288.087195091,"data":"[V12 spatial] shard=3 4/50 trials=44\n"}
,{"stream_name":"stdout","time":288.087217472,"data":"[V12 spatial] shard=3 5/50 trials=55\n"}
,{"stream_name":"stdout","time":288.087224528,"data":"[V12 spatial] shard=3 6/50 trials=65\n"}
,{"stream_name":"stdout","time":288.087228256,"data":"[V12 spatial] shard=3 7/50 trials=76\n"}
,{"stream_name":"stdout","time":288.087231734,"data":"[V12 spatial] shard=3 8/50 trials=87\n"}
,{"stream_name":"stdout","time":288.087235282,"data":"[V12 spatial] shard=3 9/50 trials=100\n"}
,{"stream_name":"stdout","time":288.087238751,"data":"[V12 spatial] shard=3 10/50 trials=113\n"}
,{"stream_name":"stdout","time":288.087242345,"data":"[V12 spatial] shard=3 11/50 trials=124\n"}
,{"stream_name":"stdout","time":288.087246515,"data":"[V12 spatial] shard=3 12/50 trials=134\n"}
,{"stream_name":"stdout","time":288.087251362,"data":"[V12 spatial] shard=3 13/50 trials=145\n"}
,{"stream_name":"stdout","time":288.087255235,"data":"[V12 spatial] shard=3 14/50 trials=156\n"}
,{"stream_name":"stdout","time":288.087259342,"data":"[V12 spatial] shard=3 15/50 trials=166\n"}
,{"stream_name":"stdout","time":288.087263332,"data":"[V12 spatial] shard=3 16/50 trials=176\n"}
,{"stream_name":"stdout","time":288.087267096,"data":"[V12 spatial] shard=3 17/50 trials=186\n"}
,{"stream_name":"stdout","time":288.087270547,"data":"[V12 spatial] shard=3 18/50 trials=198\n"}
,{"stream_name":"stdout","time":288.087274429,"data":"[V12 spatial] shard=3 19/50 trials=209\n"}
,{"stream_name":"stdout","time":288.087281397,"data":"[V12 spatial] shard=3 20/50 trials=221\n"}
,{"stream_name":"stdout","time":288.087285052,"data":"[V12 spatial] shard=3 21/50 trials=233\n"}
,{"stream_name":"stdout","time":288.087288567,"data":"[V12 spatial] shard=3 22/50 trials=245\n"}
,{"stream_name":"stdout","time":288.087292193,"data":"[V12 spatial] shard=3 23/50 trials=259\n"}
,{"stream_name":"stdout","time":288.087295684,"data":"[V12 spatial] shard=3 24/50 trials=273\n"}
,{"stream_name":"stdout","time":288.087298996,"data":"[V12 spatial] shard=3 25/50 trials=286\n"}
,{"stream_name":"stdout","time":288.08730238,"data":"[V12 spatial] shard=3 26/50 trials=298\n"}
,{"stream_name":"stdout","time":288.087306235,"data":"[V12 spatial] shard=3 27/50 trials=310\n"}
,{"stream_name":"stdout","time":288.087310164,"data":"[V12 spatial] shard=3 28/50 trials=323\n"}
,{"stream_name":"stdout","time":288.087313854,"data":"[V12 spatial] shard=3 29/50 trials=333\n"}
,{"stream_name":"stdout","time":288.087317818,"data":"[V12 spatial] shard=3 30/50 trials=347\n"}
,{"stream_name":"stdout","time":288.087321773,"data":"[V12 spatial] shard=3 31/50 trials=360\n"}
,{"stream_name":"stdout","time":288.087325786,"data":"[V12 spatial] shard=3 32/50 trials=370\n"}
,{"stream_name":"stdout","time":288.087329792,"data":"[V12 spatial] shard=3 33/50 trials=381\n"}
,{"stream_name":"stdout","time":288.087333751,"data":"[V12 spatial] shard=3 34/50 trials=393\n"}
,{"stream_name":"stdout","time":288.087337828,"data":"[V12 spatial] shard=3 35/50 trials=403\n"}
,{"stream_name":"stdout","time":288.087341982,"data":"[V12 spatial] shard=3 36/50 trials=416\n"}
,{"stream_name":"stdout","time":288.087345918,"data":"[V12 spatial] shard=3 37/50 trials=429\n"}
,{"stream_name":"stdout","time":288.087349593,"data":"[V12 spatial] shard=3 38/50 trials=439\n"}
,{"stream_name":"stdout","time":288.087353066,"data":"[V12 spatial] shard=3 39/50 trials=449\n"}
,{"stream_name":"stdout","time":288.087362724,"data":"[V12 spatial] shard=3 40/50 trials=459\n"}
,{"stream_name":"stdout","time":288.087366465,"data":"[V12 spatial] shard=3 41/50 trials=470\n"}
,{"stream_name":"stdout","time":288.087370112,"data":"[V12 spatial] shard=3 42/50 trials=480\n"}
,{"stream_name":"stdout","time":288.087373909,"data":"[V12 spatial] shard=3 43/50 trials=490\n"}
,{"stream_name":"stdout","time":288.087377924,"data":"[V12 spatial] shard=3 44/50 trials=500\n"}
,{"stream_name":"stdout","time":288.087381666,"data":"[V12 spatial] shard=3 45/50 trials=510\n"}
,{"stream_name":"stdout","time":288.087385524,"data":"[V12 spatial] shard=3 46/50 trials=521\n"}
,{"stream_name":"stdout","time":288.087399636,"data":"[V12 spatial] shard=3 47/50 trials=532\n"}
,{"stream_name":"stdout","time":288.087403308,"data":"[V12 spatial] shard=3 48/50 trials=543\n"}
,{"stream_name":"stdout","time":288.087406912,"data":"[V12 spatial] shard=3 49/50 trials=556\n"}
,{"stream_name":"stdout","time":288.08741062,"data":"[V12 spatial] shard=3 50/50 trials=568\n"}
,{"stream_name":"stdout","time":288.087414517,"data":"{\n"}
,{"stream_name":"stdout","time":288.087418441,"data":"  \"shard\": 3,\n"}
,{"stream_name":"stdout","time":288.087422164,"data":"  \"n\": 50,\n"}
,{"stream_name":"stdout","time":288.087425776,"data":"  \"trial_encode_decode_count\": 568\n"}
,{"stream_name":"stdout","time":288.087429504,"data":"}\n"}
,{"stream_name":"stdout","time":288.087433129,"data":"[done] V12 spatial CAL shard=3\n"}
,{"stream_name":"stdout","time":288.087436914,"data":"[exit] rc=0 direction=spatial shard=3\n"}
,{"stream_name":"stderr","time":288.088572898,"data":"/kaggle/working/v12_repository/src/models/cast_ar.py:8: SyntaxWarning: invalid escape sequence '\\-'\n"}
,{"stream_name":"stderr","time":288.088606236,"data":"  \\-\u003e content/QP mixture + safety gate\n"}
,{"stream_name":"stderr","time":288.088613098,"data":"\n"}
,{"stream_name":"stderr","time":288.088617662,"data":"/kaggle/working/v12_repository/src/models/cast_ar.py:8: SyntaxWarning: invalid escape sequence '\\-'\n"}
,{"stream_name":"stderr","time":288.088621922,"data":"  \\-\u003e content/QP mixture + safety gate\n"}
,{"stream_name":"stderr","time":291.469382541,"data":"/usr/local/lib/python3.12/dist-packages/mistune.py:435: SyntaxWarning: invalid escape sequence '\\|'\n"}
,{"stream_name":"stderr","time":291.469426189,"data":"  cells[i][c] = re.sub('\\\\\\\\\\|', '|', cell)\n"}
,{"stream_name":"stderr","time":291.689831197,"data":"/usr/local/lib/python3.12/dist-packages/nbconvert/filters/filter_links.py:36: SyntaxWarning: invalid escape sequence '\\_'\n"}
,{"stream_name":"stderr","time":291.689869119,"data":"  text = re.sub(r'_', '\\_', text) # Escape underscores in display text\n"}
,{"stream_name":"stderr","time":292.474961832,"data":"[NbConvertApp] Converting notebook __notebook__.ipynb to notebook\n"}
,{"stream_name":"stderr","time":292.872522317,"data":"[NbConvertApp] Writing 7928 bytes to __notebook__.ipynb\n"}
,{"stream_name":"stderr","time":295.975353971,"data":"[NbConvertApp] Converting notebook __notebook__.ipynb to html\n"}
,{"stream_name":"stderr","time":296.546967223,"data":"[NbConvertApp] Writing 285611 bytes to __results__.html\n"}
]
[{"stream_name":"stderr","time":10.702717288,"data":"0.00s - Debugger warning: It seems that frozen modules are being used, which may\n"}
,{"stream_name":"stderr","time":10.70282548,"data":"0.00s - make the debugger miss breakpoints. Please pass -Xfrozen_modules=off\n"}
,{"stream_name":"stderr","time":10.702830838,"data":"0.00s - to python to disable frozen modules.\n"}
,{"stream_name":"stderr","time":10.702833918,"data":"0.00s - Note: Debugging will proceed. Set PYDEVD_DISABLE_FILE_VALIDATION=1 to disable this validation.\n"}
,{"stream_name":"stderr","time":11.622265741,"data":"0.00s - Debugger warning: It seems that frozen modules are being used, which may\n"}
,{"stream_name":"stderr","time":11.622304893,"data":"0.00s - make the debugger miss breakpoints. Please pass -Xfrozen_modules=off\n"}
,{"stream_name":"stderr","time":11.622311236,"data":"0.00s - to python to disable frozen modules.\n"}
,{"stream_name":"stderr","time":11.622315533,"data":"0.00s - Note: Debugging will proceed. Set PYDEVD_DISABLE_FILE_VALIDATION=1 to disable this validation.\n"}
,{"stream_name":"stdout","time":288.08701088,"data":"{\n"}
,{"stream_name":"stdout","time":288.087052613,"data":"  \"experiment\": \"v12_spatial_lowqp_h265_cal\",\n"}
,{"stream_name":"stdout","time":288.08706033,"data":"  \"direction\": \"spatial\",\n"}
,{"stream_name":"stdout","time":288.08707733,"data":"  \"repository_url\": \"https://github.com/munnn01/preeee.git\",\n"}
,{"stream_name":"stdout","time":288.087082918,"data":"  \"source_fingerprint\": \"ce5acf9334d4f683fdc7757d53b0d5be0ce80cc5a6fd4a4340e30c9357e79721\",\n"}
,{"stream_name":"stdout","time":288.087088771,"data":"  \"scope\": \"reused CAL development only; no DEV/TEST/holdout or mc3 evaluation\",\n"}
,{"stream_name":"stdout","time":288.087093941,"data":"  \"bootstrap_unit\": \"source video; all QPs, arms and primary analyzers paired\",\n"}
,{"stream_name":"stdout","time":288.087099419,"data":"  \"code_commit\": \"17cc33f81a1d685574dc1a11956b12f89b1b59ab\",\n"}
,{"stream_name":"stdout","time":288.08710458,"data":"  \"code_fingerprint\": \"694cc7e391f05da9ad05e6b4f486673fafb13cb3751d31a3e82e517853a40331\",\n"}
,{"stream_name":"stdout","time":288.087109377,"data":"  \"preregistration_commit\": \"1a734e9228644c1cf13deeb517995593d295fb8a\",\n"}
,{"stream_name":"stdout","time":288.087114763,"data":"  \"preregistration_sha256\": \"770b8843756b8c011cbd85ecc348187a8343495babeeca22a12f4f6d3b2d211e\",\n"}
,{"stream_name":"stdout","time":288.087120056,"data":"  \"protocol_sha256\": \"212103b207309ca25323bd0e0c00cbd8e8a85cd7a337a205c35c02a67acf784b\",\n"}
,{"stream_name":"stdout","time":288.087125458,"data":"  \"cal_input_sha256\": \"db9fd6eef315657b33f9e0d557260c7af2a89857633193e6d41c83b056a7983d\",\n"}
,{"stream_name":"stdout","time":288.087130876,"data":"  \"primary_outcomes_sha256\": \"35b42f2874e909fddfc38363c6d0b47ef8a5e85abfcc4adcbea40eaaabb4150d\",\n"}
,{"stream_name":"stdout","time":288.087135818,"data":"  \"upstream_input_commit\": \"a02fdd250b5e04491f7d3619105ef79d0b6e64f8\",\n"}
,{"stream_name":"stdout","time":288.087140622,"data":"  \"bootstrap_seed\": 20261009,\n"}
,{"stream_name":"stdout","time":288.087145428,"data":"  \"bootstrap_draws\": 2000,\n"}
,{"stream_name":"stdout","time":288.087150185,"data":"  \"teacher\": null,\n"}
,{"stream_name":"stdout","time":288.087155025,"data":"  \"metric_sha256\": \"38d373f13366cb2397cd572d294dda4bd57dd71841fc353aa0b50776b2ae6487\",\n"}
,{"stream_name":"stdout","time":288.08716012,"data":"  \"paired_metrics_sha256\": \"ca61890140e511d101024485cce4e1c96c2b7ff68e2718abfe466e1bd2af9f36\"\n"}
,{"stream_name":"stdout","time":288.087165184,"data":"}\n"}
,{"stream_name":"stdout","time":288.087169528,"data":"[V12 spatial] shard=3 1/50 trials=12\n"}
,{"stream_name":"stdout","time":288.087187193,"data":"[V12 spatial] shard=3 2/50 trials=24\n"}
,{"stream_name":"stdout","time":288.087191271,"data":"[V12 spatial] shard=3 3/50 trials=34\n"}
,{"stream_name":"stdout","time":288.087195091,"data":"[V12 spatial] shard=3 4/50 trials=44\n"}
,{"stream_name":"stdout","time":288.087217472,"data":"[V12 spatial] shard=3 5/50 trials=55\n"}
,{"stream_name":"stdout","time":288.087224528,"data":"[V12 spatial] shard=3 6/50 trials=65\n"}
,{"stream_name":"stdout","time":288.087228256,"data":"[V12 spatial] shard=3 7/50 trials=76\n"}
,{"stream_name":"stdout","time":288.087231734,"data":"[V12 spatial] shard=3 8/50 trials=87\n"}
,{"stream_name":"stdout","time":288.087235282,"data":"[V12 spatial] shard=3 9/50 trials=100\n"}
,{"stream_name":"stdout","time":288.087238751,"data":"[V12 spatial] shard=3 10/50 trials=113\n"}
,{"stream_name":"stdout","time":288.087242345,"data":"[V12 spatial] shard=3 11/50 trials=124\n"}
,{"stream_name":"stdout","time":288.087246515,"data":"[V12 spatial] shard=3 12/50 trials=134\n"}
,{"stream_name":"stdout","time":288.087251362,"data":"[V12 spatial] shard=3 13/50 trials=145\n"}
,{"stream_name":"stdout","time":288.087255235,"data":"[V12 spatial] shard=3 14/50 trials=156\n"}
,{"stream_name":"stdout","time":288.087259342,"data":"[V12 spatial] shard=3 15/50 trials=166\n"}
,{"stream_name":"stdout","time":288.087263332,"data":"[V12 spatial] shard=3 16/50 trials=176\n"}
,{"stream_name":"stdout","time":288.087267096,"data":"[V12 spatial] shard=3 17/50 trials=186\n"}
,{"stream_name":"stdout","time":288.087270547,"data":"[V12 spatial] shard=3 18/50 trials=198\n"}
,{"stream_name":"stdout","time":288.087274429,"data":"[V12 spatial] shard=3 19/50 trials=209\n"}
,{"stream_name":"stdout","time":288.087281397,"data":"[V12 spatial] shard=3 20/50 trials=221\n"}
,{"stream_name":"stdout","time":288.087285052,"data":"[V12 spatial] shard=3 21/50 trials=233\n"}
,{"stream_name":"stdout","time":288.087288567,"data":"[V12 spatial] shard=3 22/50 trials=245\n"}
,{"stream_name":"stdout","time":288.087292193,"data":"[V12 spatial] shard=3 23/50 trials=259\n"}
,{"stream_name":"stdout","time":288.087295684,"data":"[V12 spatial] shard=3 24/50 trials=273\n"}
,{"stream_name":"stdout","time":288.087298996,"data":"[V12 spatial] shard=3 25/50 trials=286\n"}
,{"stream_name":"stdout","time":288.08730238,"data":"[V12 spatial] shard=3 26/50 trials=298\n"}
,{"stream_name":"stdout","time":288.087306235,"data":"[V12 spatial] shard=3 27/50 trials=310\n"}
,{"stream_name":"stdout","time":288.087310164,"data":"[V12 spatial] shard=3 28/50 trials=323\n"}
,{"stream_name":"stdout","time":288.087313854,"data":"[V12 spatial] shard=3 29/50 trials=333\n"}
,{"stream_name":"stdout","time":288.087317818,"data":"[V12 spatial] shard=3 30/50 trials=347\n"}
,{"stream_name":"stdout","time":288.087321773,"data":"[V12 spatial] shard=3 31/50 trials=360\n"}
,{"stream_name":"stdout","time":288.087325786,"data":"[V12 spatial] shard=3 32/50 trials=370\n"}
,{"stream_name":"stdout","time":288.087329792,"data":"[V12 spatial] shard=3 33/50 trials=381\n"}
,{"stream_name":"stdout","time":288.087333751,"data":"[V12 spatial] shard=3 34/50 trials=393\n"}
,{"stream_name":"stdout","time":288.087337828,"data":"[V12 spatial] shard=3 35/50 trials=403\n"}
,{"stream_name":"stdout","time":288.087341982,"data":"[V12 spatial] shard=3 36/50 trials=416\n"}
,{"stream_name":"stdout","time":288.087345918,"data":"[V12 spatial] shard=3 37/50 trials=429\n"}
,{"stream_name":"stdout","time":288.087349593,"data":"[V12 spatial] shard=3 38/50 trials=439\n"}
,{"stream_name":"stdout","time":288.087353066,"data":"[V12 spatial] shard=3 39/50 trials=449\n"}
,{"stream_name":"stdout","time":288.087362724,"data":"[V12 spatial] shard=3 40/50 trials=459\n"}
,{"stream_name":"stdout","time":288.087366465,"data":"[V12 spatial] shard=3 41/50 trials=470\n"}
,{"stream_name":"stdout","time":288.087370112,"data":"[V12 spatial] shard=3 42/50 trials=480\n"}
,{"stream_name":"stdout","time":288.087373909,"data":"[V12 spatial] shard=3 43/50 trials=490\n"}
,{"stream_name":"stdout","time":288.087377924,"data":"[V12 spatial] shard=3 44/50 trials=500\n"}
,{"stream_name":"stdout","time":288.087381666,"data":"[V12 spatial] shard=3 45/50 trials=510\n"}
,{"stream_name":"stdout","time":288.087385524,"data":"[V12 spatial] shard=3 46/50 trials=521\n"}
,{"stream_name":"stdout","time":288.087399636,"data":"[V12 spatial] shard=3 47/50 trials=532\n"}
,{"stream_name":"stdout","time":288.087403308,"data":"[V12 spatial] shard=3 48/50 trials=543\n"}
,{"stream_name":"stdout","time":288.087406912,"data":"[V12 spatial] shard=3 49/50 trials=556\n"}
,{"stream_name":"stdout","time":288.08741062,"data":"[V12 spatial] shard=3 50/50 trials=568\n"}
,{"stream_name":"stdout","time":288.087414517,"data":"{\n"}
,{"stream_name":"stdout","time":288.087418441,"data":"  \"shard\": 3,\n"}
,{"stream_name":"stdout","time":288.087422164,"data":"  \"n\": 50,\n"}
,{"stream_name":"stdout","time":288.087425776,"data":"  \"trial_encode_decode_count\": 568\n"}
,{"stream_name":"stdout","time":288.087429504,"data":"}\n"}
,{"stream_name":"stdout","time":288.087433129,"data":"[done] V12 spatial CAL shard=3\n"}
,{"stream_name":"stdout","time":288.087436914,"data":"[exit] rc=0 direction=spatial shard=3\n"}
,{"stream_name":"stderr","time":288.088572898,"data":"/kaggle/working/v12_repository/src/models/cast_ar.py:8: SyntaxWarning: invalid escape sequence '\\-'\n"}
,{"stream_name":"stderr","time":288.088606236,"data":"  \\-\u003e content/QP mixture + safety gate\n"}
,{"stream_name":"stderr","time":288.088613098,"data":"\n"}
,{"stream_name":"stderr","time":288.088617662,"data":"/kaggle/working/v12_repository/src/models/cast_ar.py:8: SyntaxWarning: invalid escape sequence '\\-'\n"}
,{"stream_name":"stderr","time":288.088621922,"data":"  \\-\u003e content/QP mixture + safety gate\n"}
,{"stream_name":"stderr","time":291.469382541,"data":"/usr/local/lib/python3.12/dist-packages/mistune.py:435: SyntaxWarning: invalid escape sequence '\\|'\n"}
,{"stream_name":"stderr","time":291.469426189,"data":"  cells[i][c] = re.sub('\\\\\\\\\\|', '|', cell)\n"}
,{"stream_name":"stderr","time":291.689831197,"data":"/usr/local/lib/python3.12/dist-packages/nbconvert/filters/filter_links.py:36: SyntaxWarning: invalid escape sequence '\\_'\n"}
,{"stream_name":"stderr","time":291.689869119,"data":"  text = re.sub(r'_', '\\_', text) # Escape underscores in display text\n"}
,{"stream_name":"stderr","time":292.474961832,"data":"[NbConvertApp] Converting notebook __notebook__.ipynb to notebook\n"}
,{"stream_name":"stderr","time":292.872522317,"data":"[NbConvertApp] Writing 7928 bytes to __notebook__.ipynb\n"}
,{"stream_name":"stderr","time":295.975353971,"data":"[NbConvertApp] Converting notebook __notebook__.ipynb to html\n"}
,{"stream_name":"stderr","time":296.546967223,"data":"[NbConvertApp] Writing 285611 bytes to __results__.html\n"}
]
[{"stream_name":"stderr","time":10.702717288,"data":"0.00s - Debugger warning: It seems that frozen modules are being used, which may\n"}
,{"stream_name":"stderr","time":10.70282548,"data":"0.00s - make the debugger miss breakpoints. Please pass -Xfrozen_modules=off\n"}
,{"stream_name":"stderr","time":10.702830838,"data":"0.00s - to python to disable frozen modules.\n"}
,{"stream_name":"stderr","time":10.702833918,"data":"0.00s - Note: Debugging will proceed. Set PYDEVD_DISABLE_FILE_VALIDATION=1 to disable this validation.\n"}
,{"stream_name":"stderr","time":11.622265741,"data":"0.00s - Debugger warning: It seems that frozen modules are being used, which may\n"}
,{"stream_name":"stderr","time":11.622304893,"data":"0.00s - make the debugger miss breakpoints. Please pass -Xfrozen_modules=off\n"}
,{"stream_name":"stderr","time":11.622311236,"data":"0.00s - to python to disable frozen modules.\n"}
,{"stream_name":"stderr","time":11.622315533,"data":"0.00s - Note: Debugging will proceed. Set PYDEVD_DISABLE_FILE_VALIDATION=1 to disable this validation.\n"}
,{"stream_name":"stdout","time":288.08701088,"data":"{\n"}
,{"stream_name":"stdout","time":288.087052613,"data":"  \"experiment\": \"v12_spatial_lowqp_h265_cal\",\n"}
,{"stream_name":"stdout","time":288.08706033,"data":"  \"direction\": \"spatial\",\n"}
,{"stream_name":"stdout","time":288.08707733,"data":"  \"repository_url\": \"https://github.com/munnn01/preeee.git\",\n"}
,{"stream_name":"stdout","time":288.087082918,"data":"  \"source_fingerprint\": \"ce5acf9334d4f683fdc7757d53b0d5be0ce80cc5a6fd4a4340e30c9357e79721\",\n"}
,{"stream_name":"stdout","time":288.087088771,"data":"  \"scope\": \"reused CAL development only; no DEV/TEST/holdout or mc3 evaluation\",\n"}
,{"stream_name":"stdout","time":288.087093941,"data":"  \"bootstrap_unit\": \"source video; all QPs, arms and primary analyzers paired\",\n"}
,{"stream_name":"stdout","time":288.087099419,"data":"  \"code_commit\": \"17cc33f81a1d685574dc1a11956b12f89b1b59ab\",\n"}
,{"stream_name":"stdout","time":288.08710458,"data":"  \"code_fingerprint\": \"694cc7e391f05da9ad05e6b4f486673fafb13cb3751d31a3e82e517853a40331\",\n"}
,{"stream_name":"stdout","time":288.087109377,"data":"  \"preregistration_commit\": \"1a734e9228644c1cf13deeb517995593d295fb8a\",\n"}
,{"stream_name":"stdout","time":288.087114763,"data":"  \"preregistration_sha256\": \"770b8843756b8c011cbd85ecc348187a8343495babeeca22a12f4f6d3b2d211e\",\n"}
,{"stream_name":"stdout","time":288.087120056,"data":"  \"protocol_sha256\": \"212103b207309ca25323bd0e0c00cbd8e8a85cd7a337a205c35c02a67acf784b\",\n"}
,{"stream_name":"stdout","time":288.087125458,"data":"  \"cal_input_sha256\": \"db9fd6eef315657b33f9e0d557260c7af2a89857633193e6d41c83b056a7983d\",\n"}
,{"stream_name":"stdout","time":288.087130876,"data":"  \"primary_outcomes_sha256\": \"35b42f2874e909fddfc38363c6d0b47ef8a5e85abfcc4adcbea40eaaabb4150d\",\n"}
,{"stream_name":"stdout","time":288.087135818,"data":"  \"upstream_input_commit\": \"a02fdd250b5e04491f7d3619105ef79d0b6e64f8\",\n"}
,{"stream_name":"stdout","time":288.087140622,"data":"  \"bootstrap_seed\": 20261009,\n"}
,{"stream_name":"stdout","time":288.087145428,"data":"  \"bootstrap_draws\": 2000,\n"}
,{"stream_name":"stdout","time":288.087150185,"data":"  \"teacher\": null,\n"}
,{"stream_name":"stdout","time":288.087155025,"data":"  \"metric_sha256\": \"38d373f13366cb2397cd572d294dda4bd57dd71841fc353aa0b50776b2ae6487\",\n"}
,{"stream_name":"stdout","time":288.08716012,"data":"  \"paired_metrics_sha256\": \"ca61890140e511d101024485cce4e1c96c2b7ff68e2718abfe466e1bd2af9f36\"\n"}
,{"stream_name":"stdout","time":288.087165184,"data":"}\n"}
,{"stream_name":"stdout","time":288.087169528,"data":"[V12 spatial] shard=3 1/50 trials=12\n"}
,{"stream_name":"stdout","time":288.087187193,"data":"[V12 spatial] shard=3 2/50 trials=24\n"}
,{"stream_name":"stdout","time":288.087191271,"data":"[V12 spatial] shard=3 3/50 trials=34\n"}
,{"stream_name":"stdout","time":288.087195091,"data":"[V12 spatial] shard=3 4/50 trials=44\n"}
,{"stream_name":"stdout","time":288.087217472,"data":"[V12 spatial] shard=3 5/50 trials=55\n"}
,{"stream_name":"stdout","time":288.087224528,"data":"[V12 spatial] shard=3 6/50 trials=65\n"}
,{"stream_name":"stdout","time":288.087228256,"data":"[V12 spatial] shard=3 7/50 trials=76\n"}
,{"stream_name":"stdout","time":288.087231734,"data":"[V12 spatial] shard=3 8/50 trials=87\n"}
,{"stream_name":"stdout","time":288.087235282,"data":"[V12 spatial] shard=3 9/50 trials=100\n"}
,{"stream_name":"stdout","time":288.087238751,"data":"[V12 spatial] shard=3 10/50 trials=113\n"}
,{"stream_name":"stdout","time":288.087242345,"data":"[V12 spatial] shard=3 11/50 trials=124\n"}
,{"stream_name":"stdout","time":288.087246515,"data":"[V12 spatial] shard=3 12/50 trials=134\n"}
,{"stream_name":"stdout","time":288.087251362,"data":"[V12 spatial] shard=3 13/50 trials=145\n"}
,{"stream_name":"stdout","time":288.087255235,"data":"[V12 spatial] shard=3 14/50 trials=156\n"}
,{"stream_name":"stdout","time":288.087259342,"data":"[V12 spatial] shard=3 15/50 trials=166\n"}
,{"stream_name":"stdout","time":288.087263332,"data":"[V12 spatial] shard=3 16/50 trials=176\n"}
,{"stream_name":"stdout","time":288.087267096,"data":"[V12 spatial] shard=3 17/50 trials=186\n"}
,{"stream_name":"stdout","time":288.087270547,"data":"[V12 spatial] shard=3 18/50 trials=198\n"}
,{"stream_name":"stdout","time":288.087274429,"data":"[V12 spatial] shard=3 19/50 trials=209\n"}
,{"stream_name":"stdout","time":288.087281397,"data":"[V12 spatial] shard=3 20/50 trials=221\n"}
,{"stream_name":"stdout","time":288.087285052,"data":"[V12 spatial] shard=3 21/50 trials=233\n"}
,{"stream_name":"stdout","time":288.087288567,"data":"[V12 spatial] shard=3 22/50 trials=245\n"}
,{"stream_name":"stdout","time":288.087292193,"data":"[V12 spatial] shard=3 23/50 trials=259\n"}
,{"stream_name":"stdout","time":288.087295684,"data":"[V12 spatial] shard=3 24/50 trials=273\n"}
,{"stream_name":"stdout","time":288.087298996,"data":"[V12 spatial] shard=3 25/50 trials=286\n"}
,{"stream_name":"stdout","time":288.08730238,"data":"[V12 spatial] shard=3 26/50 trials=298\n"}
,{"stream_name":"stdout","time":288.087306235,"data":"[V12 spatial] shard=3 27/50 trials=310\n"}
,{"stream_name":"stdout","time":288.087310164,"data":"[V12 spatial] shard=3 28/50 trials=323\n"}
,{"stream_name":"stdout","time":288.087313854,"data":"[V12 spatial] shard=3 29/50 trials=333\n"}
,{"stream_name":"stdout","time":288.087317818,"data":"[V12 spatial] shard=3 30/50 trials=347\n"}
,{"stream_name":"stdout","time":288.087321773,"data":"[V12 spatial] shard=3 31/50 trials=360\n"}
,{"stream_name":"stdout","time":288.087325786,"data":"[V12 spatial] shard=3 32/50 trials=370\n"}
,{"stream_name":"stdout","time":288.087329792,"data":"[V12 spatial] shard=3 33/50 trials=381\n"}
,{"stream_name":"stdout","time":288.087333751,"data":"[V12 spatial] shard=3 34/50 trials=393\n"}
,{"stream_name":"stdout","time":288.087337828,"data":"[V12 spatial] shard=3 35/50 trials=403\n"}
,{"stream_name":"stdout","time":288.087341982,"data":"[V12 spatial] shard=3 36/50 trials=416\n"}
,{"stream_name":"stdout","time":288.087345918,"data":"[V12 spatial] shard=3 37/50 trials=429\n"}
,{"stream_name":"stdout","time":288.087349593,"data":"[V12 spatial] shard=3 38/50 trials=439\n"}
,{"stream_name":"stdout","time":288.087353066,"data":"[V12 spatial] shard=3 39/50 trials=449\n"}
,{"stream_name":"stdout","time":288.087362724,"data":"[V12 spatial] shard=3 40/50 trials=459\n"}
,{"stream_name":"stdout","time":288.087366465,"data":"[V12 spatial] shard=3 41/50 trials=470\n"}
,{"stream_name":"stdout","time":288.087370112,"data":"[V12 spatial] shard=3 42/50 trials=480\n"}
,{"stream_name":"stdout","time":288.087373909,"data":"[V12 spatial] shard=3 43/50 trials=490\n"}
,{"stream_name":"stdout","time":288.087377924,"data":"[V12 spatial] shard=3 44/50 trials=500\n"}
,{"stream_name":"stdout","time":288.087381666,"data":"[V12 spatial] shard=3 45/50 trials=510\n"}
,{"stream_name":"stdout","time":288.087385524,"data":"[V12 spatial] shard=3 46/50 trials=521\n"}
,{"stream_name":"stdout","time":288.087399636,"data":"[V12 spatial] shard=3 47/50 trials=532\n"}
,{"stream_name":"stdout","time":288.087403308,"data":"[V12 spatial] shard=3 48/50 trials=543\n"}
,{"stream_name":"stdout","time":288.087406912,"data":"[V12 spatial] shard=3 49/50 trials=556\n"}
,{"stream_name":"stdout","time":288.08741062,"data":"[V12 spatial] shard=3 50/50 trials=568\n"}
,{"stream_name":"stdout","time":288.087414517,"data":"{\n"}
,{"stream_name":"stdout","time":288.087418441,"data":"  \"shard\": 3,\n"}
,{"stream_name":"stdout","time":288.087422164,"data":"  \"n\": 50,\n"}
,{"stream_name":"stdout","time":288.087425776,"data":"  \"trial_encode_decode_count\": 568\n"}
,{"stream_name":"stdout","time":288.087429504,"data":"}\n"}
,{"stream_name":"stdout","time":288.087433129,"data":"[done] V12 spatial CAL shard=3\n"}
,{"stream_name":"stdout","time":288.087436914,"data":"[exit] rc=0 direction=spatial shard=3\n"}
,{"stream_name":"stderr","time":288.088572898,"data":"/kaggle/working/v12_repository/src/models/cast_ar.py:8: SyntaxWarning: invalid escape sequence '\\-'\n"}
,{"stream_name":"stderr","time":288.088606236,"data":"  \\-\u003e content/QP mixture + safety gate\n"}
,{"stream_name":"stderr","time":288.088613098,"data":"\n"}
,{"stream_name":"stderr","time":288.088617662,"data":"/kaggle/working/v12_repository/src/models/cast_ar.py:8: SyntaxWarning: invalid escape sequence '\\-'\n"}
,{"stream_name":"stderr","time":288.088621922,"data":"  \\-\u003e content/QP mixture + safety gate\n"}
,{"stream_name":"stderr","time":291.469382541,"data":"/usr/local/lib/python3.12/dist-packages/mistune.py:435: SyntaxWarning: invalid escape sequence '\\|'\n"}
,{"stream_name":"stderr","time":291.469426189,"data":"  cells[i][c] = re.sub('\\\\\\\\\\|', '|', cell)\n"}
,{"stream_name":"stderr","time":291.689831197,"data":"/usr/local/lib/python3.12/dist-packages/nbconvert/filters/filter_links.py:36: SyntaxWarning: invalid escape sequence '\\_'\n"}
,{"stream_name":"stderr","time":291.689869119,"data":"  text = re.sub(r'_', '\\_', text) # Escape underscores in display text\n"}
,{"stream_name":"stderr","time":292.474961832,"data":"[NbConvertApp] Converting notebook __notebook__.ipynb to notebook\n"}
,{"stream_name":"stderr","time":292.872522317,"data":"[NbConvertApp] Writing 7928 bytes to __notebook__.ipynb\n"}
,{"stream_name":"stderr","time":295.975353971,"data":"[NbConvertApp] Converting notebook __notebook__.ipynb to html\n"}
,{"stream_name":"stderr","time":296.546967223,"data":"[NbConvertApp] Writing 285611 bytes to __results__.html\n"}
]