[V12 spatial] shard=3 1/50 trials=12
[V12 spatial] shard=3 2/50 trials=24
[V12 spatial] shard=3 3/50 trials=34
[V12 spatial] shard=3 4/50 trials=44
[V12 spatial] shard=3 5/50 trials=55
[V12 spatial] shard=3 6/50 trials=65
[V12 spatial] shard=3 7/50 trials=76
[V12 spatial] shard=3 8/50 trials=87
[V12 spatial] shard=3 9/50 trials=100
[V12 spatial] shard=3 10/50 trials=113
[V12 spatial] shard=3 11/50 trials=124
[V12 spatial] shard=3 12/50 trials=134
[V12 spatial] shard=3 13/50 trials=145
[V12 spatial] shard=3 14/50 trials=156
[V12 spatial] shard=3 15/50 trials=166
[V12 spatial] shard=3 16/50 trials=176
[V12 spatial] shard=3 17/50 trials=186
[V12 spatial] shard=3 18/50 trials=198
[V12 spatial] shard=3 19/50 trials=209
[V12 spatial] shard=3 20/50 trials=221
[V12 spatial] shard=3 21/50 trials=233
[V12 spatial] shard=3 22/50 trials=245
[V12 spatial] shard=3 23/50 trials=259
[V12 spatial] shard=3 24/50 trials=273
[V12 spatial] shard=3 25/50 trials=286
[V12 spatial] shard=3 26/50 trials=298
[V12 spatial] shard=3 27/50 trials=310
[V12 spatial] shard=3 28/50 trials=323
[V12 spatial] shard=3 29/50 trials=333
[V12 spatial] shard=3 30/50 trials=347
[V12 spatial] shard=3 31/50 trials=360
[V12 spatial] shard=3 32/50 trials=370
[V12 spatial] shard=3 33/50 trials=381
[V12 spatial] shard=3 34/50 trials=393
[V12 spatial] shard=3 35/50 trials=403
[V12 spatial] shard=3 36/50 trials=416
[V12 spatial] shard=3 37/50 trials=429
[V12 spatial] shard=3 38/50 trials=439
[V12 spatial] shard=3 39/50 trials=449
[V12 spatial] shard=3 40/50 trials=459
[V12 spatial] shard=3 41/50 trials=470
[V12 spatial] shard=3 42/50 trials=480
[V12 spatial] shard=3 43/50 trials=490
[V12 spatial] shard=3 44/50 trials=500
[V12 spatial] shard=3 45/50 trials=510
[V12 spatial] shard=3 46/50 trials=521
[V12 spatial] shard=3 47/50 trials=532
[V12 spatial] shard=3 48/50 trials=543
[V12 spatial] shard=3 49/50 trials=556
[V12 spatial] shard=3 50/50 trials=568
{
  "shard": 3,
  "n": 50,
  "trial_encode_decode_count": 568
}
